
> backend@1.0.0 test
> node --experimental-vm-modules node_modules/jest/bin/jest.js

node.exe : (node:30104) ExperimentalWarning: VM 
Modules is an experimental feature and might change at 
any time
At C:\Program Files\nodejs\npm.ps1:29 char:3
+   & $NODE_EXE $NPM_CLI_JS $args
+   ~~~~~~~~~~~~~~~~~~~~~~~~~~~~~
    + CategoryInfo          : NotSpecified: ((node:301 
   04) Ex...nge at any time:String) [], RemoteExcepti  
  on
    + FullyQualifiedErrorId : NativeCommandError
 
(Use `node --trace-warnings ...` to show where the 
warning was created)
PASS src/__tests__/items.service.test.js
(node:2652) ExperimentalWarning: VM Modules is an 
experimental feature and might change at any time
(Use `node --trace-warnings ...` to show where the 
warning was created)
PASS src/__tests__/auth.service.test.js
(node:31124) ExperimentalWarning: VM Modules is an 
experimental feature and might change at any time
(Use `node --trace-warnings ...` to show where the 
warning was created)
PASS src/__tests__/courses.service.test.js
(node:23596) ExperimentalWarning: VM Modules is an 
experimental feature and might change at any time
(Use `node --trace-warnings ...` to show where the 
warning was created)
PASS src/__tests__/quizzes.service.expanded.test.js
(node:20352) ExperimentalWarning: VM Modules is an 
experimental feature and might change at any time
(Use `node --trace-warnings ...` to show where the 
warning was created)
PASS src/__tests__/quizzes.service.test.js
(node:29400) ExperimentalWarning: VM Modules is an 
experimental feature and might change at any time
(Use `node --trace-warnings ...` to show where the 
warning was created)
PASS src/__tests__/items.service.expanded.test.js
(node:30620) ExperimentalWarning: VM Modules is an 
experimental feature and might change at any time
(Use `node --trace-warnings ...` to show where the 
warning was created)
PASS src/__tests__/auth.middleware.test.js
  鈼?Console

    console.log
      [dotenv@17.2.3] injecting env (16) from .env -- 
tip: 馃攽 add access controls to secrets: 
https://dotenvx.com/ops

      at _log (node_modules/dotenv/lib/main.js:142:11)

(node:24604) ExperimentalWarning: VM Modules is an 
experimental feature and might change at any time
(Use `node --trace-warnings ...` to show where the 
warning was created)
PASS src/__tests__/quizzes.routes.test.js
  鈼?Console

    console.log
      [dotenv@17.2.3] injecting env (16) from .env -- 
tip: 馃梻锔?backup and recover secrets: 
https://dotenvx.com/ops

      at _log (node_modules/dotenv/lib/main.js:142:11)

(node:32172) ExperimentalWarning: VM Modules is an 
experimental feature and might change at any time
(Use `node --trace-warnings ...` to show where the 
warning was created)
(node:31524) ExperimentalWarning: VM Modules is an 
experimental feature and might change at any time
(Use `node --trace-warnings ...` to show where the 
warning was created)
PASS src/__tests__/admin.routes.test.js
  鈼?Console

    console.log
      [dotenv@17.2.3] injecting env (16) from .env -- 
tip: 鈿欙笍  override existing env vars with { override: 
true }

      at _log (node_modules/dotenv/lib/main.js:142:11)

(node:32440) ExperimentalWarning: VM Modules is an 
experimental feature and might change at any time
(Use `node --trace-warnings ...` to show where the 
warning was created)
(node:27696) ExperimentalWarning: VM Modules is an 
experimental feature and might change at any time
(Use `node --trace-warnings ...` to show where the 
warning was created)
(node:22788) ExperimentalWarning: VM Modules is an 
experimental feature and might change at any time
(Use `node --trace-warnings ...` to show where the 
warning was created)
(node:24476) ExperimentalWarning: VM Modules is an 
experimental feature and might change at any time
(Use `node --trace-warnings ...` to show where the 
warning was created)
PASS src/__tests__/health.routes.test.js
  鈼?Console

    console.log
      [dotenv@17.2.3] injecting env (16) from .env -- 
tip: 馃攼 prevent committing .env to code: 
https://dotenvx.com/precommit

      at _log (node_modules/dotenv/lib/main.js:142:11)

FAIL src/__tests__/courses.routes.expanded.test.js
  鈼?Console

    console.log
      [dotenv@17.2.3] injecting env (16) from .env -- 
tip: 鈿欙笍  suppress all logs with { quiet: true }

      at _log (node_modules/dotenv/lib/main.js:142:11)

  鈼?Courses Routes - Advanced Coverage 鈥?GET /courses 
- Filters and Pagination 鈥?Should return courses with 
default pagination

    expect(received).toBe(expected) // Object.is 
equality

    Expected: 200
    Received: 404

    [0m [90m  8 |[39m       [36mconst[39m 
response [33m=[39m [36mawait[39m request(app)[33m.
[39m[36mget[39m([32m"/courses"[39m)[33m;[39m
     [90m  9 |[39m
    [31m[1m>[22m[39m[90m 10 |[39m       expect(re
sponse[33m.[39mstatus)[33m.[39mtoBe([35m200[39m)
[33m;[39m
     [90m    |[39m                               
[31m[1m^[22m[39m
     [90m 11 |[39m       expect(response[33m.[39mbo
dy)[33m.[39mtoHaveProperty([32m"courses"[39m)[33m;
[39m
     [90m 12 |[39m       expect(response[33m.[39mbo
dy)[33m.[39mtoHaveProperty([32m"page"[39m)[33m;[3
9m
     [90m 13 |[39m       expect(response[33m.[39mbo
dy)[33m.[39mtoHaveProperty([32m"pageSize"[39m)[33m
;[39m[0m

      at Object.<anonymous> 
(src/__tests__/courses.routes.expanded.test.js:10:31)

  鈼?Courses Routes - Advanced Coverage 鈥?GET /courses 
- Filters and Pagination 鈥?Should return page 1 by 
default

    expect(received).toBe(expected) // Object.is 
equality

    Expected: 200
    Received: 404

    [0m [90m 18 |[39m       [36mconst[39m 
response [33m=[39m [36mawait[39m request(app)[33m.
[39m[36mget[39m([32m"/courses"[39m)[33m;[39m
     [90m 19 |[39m
    [31m[1m>[22m[39m[90m 20 |[39m       expect(re
sponse[33m.[39mstatus)[33m.[39mtoBe([35m200[39m)
[33m;[39m
     [90m    |[39m                               
[31m[1m^[22m[39m
     [90m 21 |[39m       expect(response[33m.[39mbo
dy[33m.[39mpage)[33m.[39mtoBe([35m1[39m)[33m;[3
9m
     [90m 22 |[39m     })[33m;[39m
     [90m 23 |[39m[0m

      at Object.<anonymous> 
(src/__tests__/courses.routes.expanded.test.js:20:31)

  鈼?Courses Routes - Advanced Coverage 鈥?GET /courses 
- Filters and Pagination 鈥?Should return default 
pageSize of 6

    expect(received).toBe(expected) // Object.is 
equality

    Expected: 200
    Received: 404

    [0m [90m 25 |[39m       [36mconst[39m 
response [33m=[39m [36mawait[39m request(app)[33m.
[39m[36mget[39m([32m"/courses"[39m)[33m;[39m
     [90m 26 |[39m
    [31m[1m>[22m[39m[90m 27 |[39m       expect(re
sponse[33m.[39mstatus)[33m.[39mtoBe([35m200[39m)
[33m;[39m
     [90m    |[39m                               
[31m[1m^[22m[39m
     [90m 28 |[39m       expect(response[33m.[39mbo
dy[33m.[39mpageSize)[33m.[39mtoBeLessThanOrEqual([
35m6[39m)[33m;[39m
     [90m 29 |[39m     })[33m;[39m
     [90m 30 |[39m[0m

      at Object.<anonymous> 
(src/__tests__/courses.routes.expanded.test.js:27:31)

  鈼?Courses Routes - Advanced Coverage 鈥?GET /courses 
- Filters and Pagination 鈥?Should handle custom page 
parameter

    expect(received).toBe(expected) // Object.is 
equality

    Expected: 200
    Received: 404

    [0m [90m 32 |[39m       [36mconst[39m 
response [33m=[39m [36mawait[39m request(app)[33m.
[39m[36mget[39m([32m"/courses?page=2"[39m)[33m;[
39m
     [90m 33 |[39m
    [31m[1m>[22m[39m[90m 34 |[39m       expect(re
sponse[33m.[39mstatus)[33m.[39mtoBe([35m200[39m)
[33m;[39m
     [90m    |[39m                               
[31m[1m^[22m[39m
     [90m 35 |[39m       expect(response[33m.[39mbo
dy[33m.[39mpage)[33m.[39mtoBe([35m2[39m)[33m;[3
9m
     [90m 36 |[39m     })[33m;[39m
     [90m 37 |[39m[0m

      at Object.<anonymous> 
(src/__tests__/courses.routes.expanded.test.js:34:31)

  鈼?Courses Routes - Advanced Coverage 鈥?GET /courses 
- Filters and Pagination 鈥?Should handle custom 
pageSize parameter

    expect(received).toBe(expected) // Object.is 
equality

    Expected: 200
    Received: 404

    [0m [90m 39 |[39m       [36mconst[39m 
response [33m=[39m [36mawait[39m request(app)[33m.
[39m[36mget[39m([32m"/courses?pageSize=10"[39m)[3
3m;[39m
     [90m 40 |[39m
    [31m[1m>[22m[39m[90m 41 |[39m       expect(re
sponse[33m.[39mstatus)[33m.[39mtoBe([35m200[39m)
[33m;[39m
     [90m    |[39m                               
[31m[1m^[22m[39m
     [90m 42 |[39m       expect(response[33m.[39mbo
dy[33m.[39mpageSize)[33m.[39mtoBeLessThanOrEqual([
35m10[39m)[33m;[39m
     [90m 43 |[39m     })[33m;[39m
     [90m 44 |[39m[0m

      at Object.<anonymous> 
(src/__tests__/courses.routes.expanded.test.js:41:31)

  鈼?Courses Routes - Advanced Coverage 鈥?GET /courses 
- Filters and Pagination 鈥?Should enforce maximum 
pageSize of 50

    expect(received).toBe(expected) // Object.is 
equality

    Expected: 200
    Received: 404

    [0m [90m 46 |[39m       [36mconst[39m 
response [33m=[39m [36mawait[39m request(app)[33m.
[39m[36mget[39m([32m"/courses?pageSize=100"[39m)[
33m;[39m
     [90m 47 |[39m
    [31m[1m>[22m[39m[90m 48 |[39m       expect(re
sponse[33m.[39mstatus)[33m.[39mtoBe([35m200[39m)
[33m;[39m
     [90m    |[39m                               
[31m[1m^[22m[39m
     [90m 49 |[39m       expect(response[33m.[39mbo
dy[33m.[39mpageSize)[33m.[39mtoBeLessThanOrEqual([
35m50[39m)[33m;[39m
     [90m 50 |[39m     })[33m;[39m
     [90m 51 |[39m[0m

      at Object.<anonymous> 
(src/__tests__/courses.routes.expanded.test.js:48:31)

  鈼?Courses Routes - Advanced Coverage 鈥?GET /courses 
- Filters and Pagination 鈥?Should enforce minimum 
pageSize of 1

    expect(received).toBe(expected) // Object.is 
equality

    Expected: 200
    Received: 404

    [0m [90m 53 |[39m       [36mconst[39m 
response [33m=[39m [36mawait[39m request(app)[33m.
[39m[36mget[39m([32m"/courses?pageSize=0"[39m)[33
m;[39m
     [90m 54 |[39m
    [31m[1m>[22m[39m[90m 55 |[39m       expect(re
sponse[33m.[39mstatus)[33m.[39mtoBe([35m200[39m)
[33m;[39m
     [90m    |[39m                               
[31m[1m^[22m[39m
     [90m 56 |[39m       expect(response[33m.[39mbo
dy[33m.[39mpageSize)[33m.[39mtoBeGreaterThanOrEqual
([35m1[39m)[33m;[39m
     [90m 57 |[39m     })[33m;[39m
     [90m 58 |[39m[0m

      at Object.<anonymous> 
(src/__tests__/courses.routes.expanded.test.js:55:31)

  鈼?Courses Routes - Advanced Coverage 鈥?GET /courses 
- Filters and Pagination 鈥?Should handle invalid page 
parameter gracefully

    expect(received).toBe(expected) // Object.is 
equality

    Expected: 200
    Received: 404

    [0m [90m 60 |[39m       [36mconst[39m 
response [33m=[39m [36mawait[39m request(app)[33m.
[39m[36mget[39m([32m"/courses?page=abc"[39m)[33m;
[39m
     [90m 61 |[39m
    [31m[1m>[22m[39m[90m 62 |[39m       expect(re
sponse[33m.[39mstatus)[33m.[39mtoBe([35m200[39m)
[33m;[39m
     [90m    |[39m                               
[31m[1m^[22m[39m
     [90m 63 |[39m       expect(response[33m.[39mbo
dy[33m.[39mpage)[33m.[39mtoBeGreaterThanOrEqual([3
5m1[39m)[33m;[39m
     [90m 64 |[39m     })[33m;[39m
     [90m 65 |[39m[0m

      at Object.<anonymous> 
(src/__tests__/courses.routes.expanded.test.js:62:31)

  鈼?Courses Routes - Advanced Coverage 鈥?GET /courses 
- Filters and Pagination 鈥?Should handle negative page 
parameter

    expect(received).toBe(expected) // Object.is 
equality

    Expected: 200
    Received: 404

    [0m [90m 67 |[39m       [36mconst[39m 
response [33m=[39m [36mawait[39m request(app)[33m.
[39m[36mget[39m([32m"/courses?page=-5"[39m)[33m;
[39m
     [90m 68 |[39m
    [31m[1m>[22m[39m[90m 69 |[39m       expect(re
sponse[33m.[39mstatus)[33m.[39mtoBe([35m200[39m)
[33m;[39m
     [90m    |[39m                               
[31m[1m^[22m[39m
     [90m 70 |[39m       expect(response[33m.[39mbo
dy[33m.[39mpage)[33m.[39mtoBeGreaterThanOrEqual([3
5m1[39m)[33m;[39m
     [90m 71 |[39m     })[33m;[39m
     [90m 72 |[39m[0m

      at Object.<anonymous> 
(src/__tests__/courses.routes.expanded.test.js:69:31)

  鈼?Courses Routes - Advanced Coverage 鈥?GET /courses 
- Filters and Pagination 鈥?Should filter courses by 
search term

    expect(received).toBe(expected) // Object.is 
equality

    Expected: 200
    Received: 404

    [0m [90m 74 |[39m       [36mconst[39m 
response [33m=[39m [36mawait[39m request(app)[33m.
[39m[36mget[39m([32m"/courses?search=javascript"[3
9m)[33m;[39m
     [90m 75 |[39m
    [31m[1m>[22m[39m[90m 76 |[39m       expect(re
sponse[33m.[39mstatus)[33m.[39mtoBe([35m200[39m)
[33m;[39m
     [90m    |[39m                               
[31m[1m^[22m[39m
     [90m 77 |[39m       expect([33mArray[39m[33m.
[39misArray(response[33m.[39mbody[33m.[39mcourses)
)[33m.[39mtoBe([36mtrue[39m)[33m;[39m
     [90m 78 |[39m     })[33m;[39m
     [90m 79 |[39m[0m

      at Object.<anonymous> 
(src/__tests__/courses.routes.expanded.test.js:76:31)

  鈼?Courses Routes - Advanced Coverage 鈥?GET /courses 
- Filters and Pagination 鈥?Should return empty array 
if no courses match search

    expect(received).toBe(expected) // Object.is 
equality

    Expected: 200
    Received: 404

    [0m [90m 83 |[39m       )[33m;[39m
     [90m 84 |[39m
    [31m[1m>[22m[39m[90m 85 |[39m       expect(re
sponse[33m.[39mstatus)[33m.[39mtoBe([35m200[39m)
[33m;[39m
     [90m    |[39m                               
[31m[1m^[22m[39m
     [90m 86 |[39m       expect([33mArray[39m[33m.
[39misArray(response[33m.[39mbody[33m.[39mcourses)
)[33m.[39mtoBe([36mtrue[39m)[33m;[39m
     [90m 87 |[39m     })[33m;[39m
     [90m 88 |[39m[0m

      at Object.<anonymous> 
(src/__tests__/courses.routes.expanded.test.js:85:31)

  鈼?Courses Routes - Advanced Coverage 鈥?GET /courses 
- Filters and Pagination 鈥?Should include total count 
in response

    expect(received).toBe(expected) // Object.is 
equality

    Expected: 200
    Received: 404

    [0m [90m 90 |[39m       [36mconst[39m 
response [33m=[39m [36mawait[39m request(app)[33m.
[39m[36mget[39m([32m"/courses"[39m)[33m;[39m
     [90m 91 |[39m
    [31m[1m>[22m[39m[90m 92 |[39m       expect(re
sponse[33m.[39mstatus)[33m.[39mtoBe([35m200[39m)
[33m;[39m
     [90m    |[39m                               
[31m[1m^[22m[39m
     [90m 93 |[39m       expect(response[33m.[39mbo
dy)[33m.[39mtoHaveProperty([32m"total"[39m)[33m;[
39m
     [90m 94 |[39m       expect([36mtypeof[39m resp
onse[33m.[39mbody[33m.[39mtotal)[33m.[39mtoBe([3
2m"number"[39m)[33m;[39m
     [90m 95 |[39m     })[33m;[39m[0m

      at Object.<anonymous> 
(src/__tests__/courses.routes.expanded.test.js:92:31)

  鈼?Courses Routes - Advanced Coverage 鈥?GET /courses 
- Filters and Pagination 鈥?Should maintain search 
across pagination

    expect(received).toBe(expected) // Object.is 
equality

    Expected: 200
    Received: 404

    [0m [90m 100 |[39m       )[33m;[39m
     [90m 101 |[39m
    [31m[1m>[22m[39m[90m 102 |[39m       expect(r
esponse[33m.[39mstatus)[33m.[39mtoBe([35m200[39m)
[33m;[39m
     [90m     |[39m                               
[31m[1m^[22m[39m
     [90m 103 |[39m       expect(response[33m.[39mb
ody[33m.[39mpageSize)[33m.[39mtoBeLessThanOrEqual(
[35m5[39m)[33m;[39m
     [90m 104 |[39m     })[33m;[39m
     [90m 105 |[39m   })[33m;[39m[0m

      at Object.<anonymous> 
(src/__tests__/courses.routes.expanded.test.js:102:31)

  鈼?Courses Routes - Advanced Coverage 鈥?Response 
Format Validation 鈥?Should handle empty course list

    expect(received).toBe(expected) // Object.is 
equality

    Expected: 200
    Received: 404

    [0m [90m 276 |[39m       [36mconst[39m 
response [33m=[39m [36mawait[39m request(app)[33m.
[39m[36mget[39m([32m"/courses?search=nonexistent"[
39m)[33m;[39m
     [90m 277 |[39m
    [31m[1m>[22m[39m[90m 278 |[39m       expect(r
esponse[33m.[39mstatus)[33m.[39mtoBe([35m200[39m)
[33m;[39m
     [90m     |[39m                               
[31m[1m^[22m[39m
     [90m 279 |[39m       expect(response[33m.[39mb
ody[33m.[39mcourses)[33m.[39mtoBeDefined()[33m;[3
9m
     [90m 280 |[39m       expect([33mArray[39m[33m
.[39misArray(response[33m.[39mbody[33m.[39mcourses
))[33m.[39mtoBe([36mtrue[39m)[33m;[39m
     [90m 281 |[39m     })[33m;[39m[0m

      at Object.<anonymous> 
(src/__tests__/courses.routes.expanded.test.js:278:31)

  鈼?Courses Routes - Advanced Coverage 鈥?Response 
Format Validation 鈥?Should return courses array even 
if empty

    expect(received).toBe(expected) // Object.is 
equality

    Expected: 200
    Received: 404

    [0m [90m 284 |[39m       [36mconst[39m 
response [33m=[39m [36mawait[39m request(app)[33m.
[39m[36mget[39m([32m"/courses"[39m)[33m;[39m
     [90m 285 |[39m
    [31m[1m>[22m[39m[90m 286 |[39m       expect(r
esponse[33m.[39mstatus)[33m.[39mtoBe([35m200[39m)
[33m;[39m
     [90m     |[39m                               
[31m[1m^[22m[39m
     [90m 287 |[39m       expect([32m"courses"[39m 
[36min[39m response[33m.[39mbody)[33m.[39mtoBe([
36mtrue[39m)[33m;[39m
     [90m 288 |[39m       expect([33mArray[39m[33m
.[39misArray(response[33m.[39mbody[33m.[39mcourses
))[33m.[39mtoBe([36mtrue[39m)[33m;[39m
     [90m 289 |[39m     })[33m;[39m[0m

      at Object.<anonymous> 
(src/__tests__/courses.routes.expanded.test.js:286:31)

  鈼?Courses Routes - Advanced Coverage 鈥?Query 
Parameter Edge Cases 鈥?Should handle multiple query 
parameters together

    expect(received).toBe(expected) // Object.is 
equality

    Expected: 200
    Received: 404

    [0m [90m 296 |[39m       )[33m;[39m
     [90m 297 |[39m
    [31m[1m>[22m[39m[90m 298 |[39m       expect(r
esponse[33m.[39mstatus)[33m.[39mtoBe([35m200[39m)
[33m;[39m
     [90m     |[39m                               
[31m[1m^[22m[39m
     [90m 299 |[39m       expect(response[33m.[39mb
ody[33m.[39mpage)[33m.[39mtoBe([35m1[39m)[33m;[
39m
     [90m 300 |[39m       expect(response[33m.[39mb
ody[33m.[39mpageSize)[33m.[39mtoBeLessThanOrEqual(
[35m10[39m)[33m;[39m
     [90m 301 |[39m     })[33m;[39m[0m

      at Object.<anonymous> 
(src/__tests__/courses.routes.expanded.test.js:298:31)

  鈼?Courses Routes - Advanced Coverage 鈥?Query 
Parameter Edge Cases 鈥?Should ignore extra query 
parameters

    expect(received).toBe(expected) // Object.is 
equality

    Expected: 200
    Received: 404

    [0m [90m 306 |[39m       )[33m;[39m
     [90m 307 |[39m
    [31m[1m>[22m[39m[90m 308 |[39m       expect(r
esponse[33m.[39mstatus)[33m.[39mtoBe([35m200[39m)
[33m;[39m
     [90m     |[39m                               
[31m[1m^[22m[39m
     [90m 309 |[39m     })[33m;[39m
     [90m 310 |[39m
     [90m 311 |[39m     it([32m"Should handle 
URL-encoded search terms"[39m[33m,[39m 
[36masync[39m () [33m=>[39m {[0m

      at Object.<anonymous> 
(src/__tests__/courses.routes.expanded.test.js:308:31)

  鈼?Courses Routes - Advanced Coverage 鈥?Query 
Parameter Edge Cases 鈥?Should handle URL-encoded 
search terms

    expect(received).toBe(expected) // Object.is 
equality

    Expected: 200
    Received: 404

    [0m [90m 312 |[39m       [36mconst[39m 
response [33m=[39m [36mawait[39m request(app)[33m.
[39m[36mget[39m([32m"/courses?search=hello%20world"
[39m)[33m;[39m
     [90m 313 |[39m
    [31m[1m>[22m[39m[90m 314 |[39m       expect(r
esponse[33m.[39mstatus)[33m.[39mtoBe([35m200[39m)
[33m;[39m
     [90m     |[39m                               
[31m[1m^[22m[39m
     [90m 315 |[39m     })[33m;[39m
     [90m 316 |[39m
     [90m 317 |[39m     it([32m"Should handle 
special characters in search"[39m[33m,[39m 
[36masync[39m () [33m=>[39m {[0m

      at Object.<anonymous> 
(src/__tests__/courses.routes.expanded.test.js:314:31)

  鈼?Courses Routes - Advanced Coverage 鈥?Query 
Parameter Edge Cases 鈥?Should handle special 
characters in search

    expect(received).toBe(expected) // Object.is 
equality

    Expected: 200
    Received: 404

    [0m [90m 318 |[39m       [36mconst[39m 
response [33m=[39m [36mawait[39m request(app)[33m.
[39m[36mget[39m([32m"/courses?search=C%2B%2B"[39m)
[33m;[39m
     [90m 319 |[39m
    [31m[1m>[22m[39m[90m 320 |[39m       expect(r
esponse[33m.[39mstatus)[33m.[39mtoBe([35m200[39m)
[33m;[39m
     [90m     |[39m                               
[31m[1m^[22m[39m
     [90m 321 |[39m     })[33m;[39m
     [90m 322 |[39m
     [90m 323 |[39m     it([32m"Should handle very 
long search terms"[39m[33m,[39m [36masync[39m () 
[33m=>[39m {[0m

      at Object.<anonymous> 
(src/__tests__/courses.routes.expanded.test.js:320:31)

  鈼?Courses Routes - Advanced Coverage 鈥?Query 
Parameter Edge Cases 鈥?Should handle very long search 
terms

    expect(received).toContain(expected) // indexOf

    Expected value: 404
    Received array: [200, 400, 414]

    [0m [90m 325 |[39m       [36mconst[39m 
response [33m=[39m [36mawait[39m request(app)[33m.
[39m[36mget[39m([32m`/courses?search=${longSearch}`
[39m)[33m;[39m
     [90m 326 |[39m
    [31m[1m>[22m[39m[90m 327 |[39m       
expect([[35m200[39m[33m,[39m 
[35m400[39m[33m,[39m [35m414[39m])[33m.[39mtoCo
ntain(response[33m.[39mstatus)[33m;[39m [90m// 
414 is URL too long[39m
     [90m     |[39m                               
[31m[1m^[22m[39m
     [90m 328 |[39m     })[33m;[39m
     [90m 329 |[39m
     [90m 330 |[39m     it([32m"Should handle float 
pageSize values"[39m[33m,[39m [36masync[39m () 
[33m=>[39m {[0m

      at Object.<anonymous> 
(src/__tests__/courses.routes.expanded.test.js:327:31)

  鈼?Courses Routes - Advanced Coverage 鈥?Query 
Parameter Edge Cases 鈥?Should handle float pageSize 
values

    expect(received).toBe(expected) // Object.is 
equality

    Expected: 200
    Received: 404

    [0m [90m 331 |[39m       [36mconst[39m 
response [33m=[39m [36mawait[39m request(app)[33m.
[39m[36mget[39m([32m"/courses?pageSize=5.5"[39m)[
33m;[39m
     [90m 332 |[39m
    [31m[1m>[22m[39m[90m 333 |[39m       expect(r
esponse[33m.[39mstatus)[33m.[39mtoBe([35m200[39m)
[33m;[39m
     [90m     |[39m                               
[31m[1m^[22m[39m
     [90m 334 |[39m       expect([36mtypeof[39m res
ponse[33m.[39mbody[33m.[39mpageSize)[33m.[39mtoBe
([32m"number"[39m)[33m;[39m
     [90m 335 |[39m     })[33m;[39m
     [90m 336 |[39m   })[33m;[39m[0m

      at Object.<anonymous> 
(src/__tests__/courses.routes.expanded.test.js:333:31)

  鈼?Courses Routes - Advanced Coverage 鈥?Courses Route 
Error Handling 鈥?Should handle database errors 
gracefully

    expect(received).toContain(expected) // indexOf

    Expected value: 404
    Received array: [200, 500]

    [0m [90m 340 |[39m       [36mconst[39m 
response [33m=[39m [36mawait[39m request(app)[33m.
[39m[36mget[39m([32m"/courses"[39m)[33m;[39m
     [90m 341 |[39m
    [31m[1m>[22m[39m[90m 342 |[39m       
expect([[35m200[39m[33m,[39m [35m500[39m])[33m.
[39mtoContain(response[33m.[39mstatus)[33m;[39m
     [90m     |[39m                          
[31m[1m^[22m[39m
     [90m 343 |[39m       [36mif[39m 
(response[33m.[39mstatus [33m===[39m 
[35m500[39m) {
     [90m 344 |[39m         expect(response[33m.[39
mbody)[33m.[39mtoHaveProperty([32m"message"[39m)[3
3m;[39m
     [90m 345 |[39m       }[0m

      at Object.<anonymous> 
(src/__tests__/courses.routes.expanded.test.js:342:26)

  鈼?Courses Routes - Advanced Coverage 鈥?Courses Route 
Error Handling 鈥?Should not expose internal error 
details to client

    expect(received).toBe(expected) // Object.is 
equality

    Expected: true
    Received: false

    [0m [90m 354 |[39m           [36mtypeof[39m 
response[33m.[39mbody[33m.[39mmessage 
[33m===[39m [32m"string"[39m [33m||[39m
     [90m 355 |[39m             [36mtypeof[39m 
response[33m.[39mbody[33m.[39merror [33m===[39m 
[32m"string"[39m
    [31m[1m>[22m[39m[90m 356 |[39m         
)[33m.[39mtoBe([36mtrue[39m)[33m;[39m
     [90m     |[39m           [31m[1m^[22m[39m
     [90m 357 |[39m       }
     [90m 358 |[39m     })[33m;[39m
     [90m 359 |[39m   })[33m;[39m[0m

      at Object.<anonymous> 
(src/__tests__/courses.routes.expanded.test.js:356:11)

PASS src/__tests__/courses.routes.test.js
  鈼?Console

    console.log
      [dotenv@17.2.3] injecting env (16) from .env -- 
tip: 鈿欙笍  write to custom object with { processEnv: 
myObject }

      at _log (node_modules/dotenv/lib/main.js:142:11)

FAIL src/__tests__/admin.routes.expanded.test.js
  鈼?Console

    console.log
      [dotenv@17.2.3] injecting env (16) from .env -- 
tip: 馃攼 encrypt with Dotenvx: https://dotenvx.com

      at _log (node_modules/dotenv/lib/main.js:142:11)

  鈼?Admin Routes - Courses 鈥?GET /admin/courses - 
Should return courses with pagination

    expect(received).toBe(expected) // Object.is 
equality

    Expected: 200
    Received: 404

    [0m [90m 15 |[39m       [33m.[39m[36mset[39m
([32m"Authorization"[39m[33m,[39m [32m`Bearer 
${adminToken}`[39m)[33m;[39m
     [90m 16 |[39m
    [31m[1m>[22m[39m[90m 17 |[39m     expect(resp
onse[33m.[39mstatus)[33m.[39mtoBe([35m200[39m)[3
3m;[39m
     [90m    |[39m                             
[31m[1m^[22m[39m
     [90m 18 |[39m     expect(response[33m.[39mbody
)[33m.[39mtoHaveProperty([32m"courses"[39m)[33m;[
39m
     [90m 19 |[39m     expect(response[33m.[39mbody
)[33m.[39mtoHaveProperty([32m"total"[39m)[33m;[39
m
     [90m 20 |[39m     expect(response[33m.[39mbody
)[33m.[39mtoHaveProperty([32m"page"[39m)[33m;[39m
[0m

      at Object.<anonymous> 
(src/__tests__/admin.routes.expanded.test.js:17:29)

  鈼?Admin Routes - Courses 鈥?GET /admin/courses - 
Should filter by search term

    expect(received).toBe(expected) // Object.is 
equality

    Expected: 200
    Received: 404

    [0m [90m 28 |[39m       [33m.[39m[36mset[39m
([32m"Authorization"[39m[33m,[39m [32m`Bearer 
${adminToken}`[39m)[33m;[39m
     [90m 29 |[39m
    [31m[1m>[22m[39m[90m 30 |[39m     expect(resp
onse[33m.[39mstatus)[33m.[39mtoBe([35m200[39m)[3
3m;[39m
     [90m    |[39m                             
[31m[1m^[22m[39m
     [90m 31 |[39m     expect(response[33m.[39mbody
)[33m.[39mtoHaveProperty([32m"courses"[39m)[33m;[
39m
     [90m 32 |[39m     expect([33mArray[39m[33m.[
39misArray(response[33m.[39mbody[33m.[39mcourses))
[33m.[39mtoBe([36mtrue[39m)[33m;[39m
     [90m 33 |[39m   })[33m;[39m[0m

      at Object.<anonymous> 
(src/__tests__/admin.routes.expanded.test.js:30:29)

  鈼?Admin Routes - Courses 鈥?GET /admin/courses - 
Should handle pagination parameters

    expect(received).toBe(expected) // Object.is 
equality

    Expected: 200
    Received: 404

    [0m [90m 38 |[39m       [33m.[39m[36mset[39m
([32m"Authorization"[39m[33m,[39m [32m`Bearer 
${adminToken}`[39m)[33m;[39m
     [90m 39 |[39m
    [31m[1m>[22m[39m[90m 40 |[39m     expect(resp
onse[33m.[39mstatus)[33m.[39mtoBe([35m200[39m)[3
3m;[39m
     [90m    |[39m                             
[31m[1m^[22m[39m
     [90m 41 |[39m     expect(response[33m.[39mbody
[33m.[39mpage)[33m.[39mtoBe([35m1[39m)[33m;[39m
     [90m 42 |[39m     expect(response[33m.[39mbody
[33m.[39mpageSize)[33m.[39mtoBeLessThanOrEqual([35
m5[39m)[33m;[39m
     [90m 43 |[39m   })[33m;[39m[0m

      at Object.<anonymous> 
(src/__tests__/admin.routes.expanded.test.js:40:29)

  鈼?Admin Routes - Courses 鈥?GET /admin/courses - 
Should respect max pageSize of 50

    expect(received).toBe(expected) // Object.is 
equality

    Expected: 200
    Received: 404

    [0m [90m 48 |[39m       [33m.[39m[36mset[39m
([32m"Authorization"[39m[33m,[39m [32m`Bearer 
${adminToken}`[39m)[33m;[39m
     [90m 49 |[39m
    [31m[1m>[22m[39m[90m 50 |[39m     expect(resp
onse[33m.[39mstatus)[33m.[39mtoBe([35m200[39m)[3
3m;[39m
     [90m    |[39m                             
[31m[1m^[22m[39m
     [90m 51 |[39m     expect(response[33m.[39mbody
[33m.[39mpageSize)[33m.[39mtoBeLessThanOrEqual([35
m50[39m)[33m;[39m
     [90m 52 |[39m   })[33m;[39m
     [90m 53 |[39m[0m

      at Object.<anonymous> 
(src/__tests__/admin.routes.expanded.test.js:50:29)

  鈼?Admin Routes - Courses 鈥?GET /admin/courses - 
Should enforce minimum pageSize of 1

    expect(received).toBe(expected) // Object.is 
equality

    Expected: 200
    Received: 404

    [0m [90m 57 |[39m       [33m.[39m[36mset[39m
([32m"Authorization"[39m[33m,[39m [32m`Bearer 
${adminToken}`[39m)[33m;[39m
     [90m 58 |[39m
    [31m[1m>[22m[39m[90m 59 |[39m     expect(resp
onse[33m.[39mstatus)[33m.[39mtoBe([35m200[39m)[3
3m;[39m
     [90m    |[39m                             
[31m[1m^[22m[39m
     [90m 60 |[39m     expect(response[33m.[39mbody
[33m.[39mpageSize)[33m.[39mtoBeGreaterThanOrEqual(
[35m1[39m)[33m;[39m
     [90m 61 |[39m   })[33m;[39m
     [90m 62 |[39m[0m

      at Object.<anonymous> 
(src/__tests__/admin.routes.expanded.test.js:59:29)

  鈼?Admin Routes - Courses 鈥?GET /admin/courses - 
Should include deleted courses when requested

    expect(received).toBe(expected) // Object.is 
equality

    Expected: 200
    Received: 404

    [0m [90m 66 |[39m       [33m.[39m[36mset[39m
([32m"Authorization"[39m[33m,[39m [32m`Bearer 
${adminToken}`[39m)[33m;[39m
     [90m 67 |[39m
    [31m[1m>[22m[39m[90m 68 |[39m     expect(resp
onse[33m.[39mstatus)[33m.[39mtoBe([35m200[39m)[3
3m;[39m
     [90m    |[39m                             
[31m[1m^[22m[39m
     [90m 69 |[39m     expect(response[33m.[39mbody
)[33m.[39mtoHaveProperty([32m"courses"[39m)[33m;[
39m
     [90m 70 |[39m   })[33m;[39m
     [90m 71 |[39m[0m

      at Object.<anonymous> 
(src/__tests__/admin.routes.expanded.test.js:68:29)

  鈼?Admin Routes - Courses 鈥?POST /admin/courses - 
Should create a new course

    expect(received).toBe(expected) // Object.is 
equality

    Expected: 201
    Received: 404

    [0m [90m 82 |[39m       
[33m.[39msend(newCourse)[33m;[39m
     [90m 83 |[39m
    [31m[1m>[22m[39m[90m 84 |[39m     expect(resp
onse[33m.[39mstatus)[33m.[39mtoBe([35m201[39m)[3
3m;[39m
     [90m    |[39m                             
[31m[1m^[22m[39m
     [90m 85 |[39m     expect(response[33m.[39mbody
)[33m.[39mtoHaveProperty([32m"courseId"[39m)[33m;
[39m
     [90m 86 |[39m     expect(response[33m.[39mbody
[33m.[39mtitle)[33m.[39mtoBe(newCourse[33m.[39mti
tle)[33m;[39m
     [90m 87 |[39m   })[33m;[39m[0m

      at Object.<anonymous> 
(src/__tests__/admin.routes.expanded.test.js:84:29)

  鈼?Admin Routes - Courses 鈥?POST /admin/courses - 
Should reject course without title

    expect(received).toBe(expected) // Object.is 
equality

    Expected: 400
    Received: 404

    [0m [90m 93 |[39m       [33m.[39msend({ 
description[33m:[39m [32m"No title"[39m 
})[33m;[39m
     [90m 94 |[39m
    [31m[1m>[22m[39m[90m 95 |[39m     expect(resp
onse[33m.[39mstatus)[33m.[39mtoBe([35m400[39m)[3
3m;[39m
     [90m    |[39m                             
[31m[1m^[22m[39m
     [90m 96 |[39m     expect(response[33m.[39mbody
[33m.[39mmessage)[33m.[39mtoContain([32m"title"[3
9m)[33m;[39m
     [90m 97 |[39m   })[33m;[39m
     [90m 98 |[39m[0m

      at Object.<anonymous> 
(src/__tests__/admin.routes.expanded.test.js:95:29)

  鈼?Admin Routes - Courses 鈥?POST /admin/courses - 
Should reject empty title

    expect(received).toBe(expected) // Object.is 
equality

    Expected: 400
    Received: 404

    [0m [90m 103 |[39m       [33m.[39msend({ 
title[33m:[39m [32m"   "[39m })[33m;[39m
     [90m 104 |[39m
    [31m[1m>[22m[39m[90m 105 |[39m     expect(res
ponse[33m.[39mstatus)[33m.[39mtoBe([35m400[39m)[
33m;[39m
     [90m     |[39m                             
[31m[1m^[22m[39m
     [90m 106 |[39m   })[33m;[39m
     [90m 107 |[39m
     [90m 108 |[39m   it([32m"POST /admin/courses - 
Should reject non-string title"[39m[33m,[39m 
[36masync[39m () [33m=>[39m {[0m

      at Object.<anonymous> 
(src/__tests__/admin.routes.expanded.test.js:105:29)

  鈼?Admin Routes - Courses 鈥?POST /admin/courses - 
Should reject non-string title

    expect(received).toBe(expected) // Object.is 
equality

    Expected: 400
    Received: 404

    [0m [90m 112 |[39m       [33m.[39msend({ 
title[33m:[39m [35m123[39m })[33m;[39m
     [90m 113 |[39m
    [31m[1m>[22m[39m[90m 114 |[39m     expect(res
ponse[33m.[39mstatus)[33m.[39mtoBe([35m400[39m)[
33m;[39m
     [90m     |[39m                             
[31m[1m^[22m[39m
     [90m 115 |[39m   })[33m;[39m
     [90m 116 |[39m
     [90m 117 |[39m   it([32m"POST /admin/courses - 
Should ignore courseId in request 
body"[39m[33m,[39m [36masync[39m () [33m=>[39m 
{[0m

      at Object.<anonymous> 
(src/__tests__/admin.routes.expanded.test.js:114:29)

  鈼?Admin Routes - Courses 鈥?POST /admin/courses - 
Should ignore courseId in request body

    expect(received).toBe(expected) // Object.is 
equality

    Expected: 201
    Received: 404

    [0m [90m 126 |[39m       
[33m.[39msend(newCourse)[33m;[39m
     [90m 127 |[39m
    [31m[1m>[22m[39m[90m 128 |[39m     expect(res
ponse[33m.[39mstatus)[33m.[39mtoBe([35m201[39m)[
33m;[39m
     [90m     |[39m                             
[31m[1m^[22m[39m
     [90m 129 |[39m     expect(response[33m.[39mbod
y[33m.[39mcourseId)[33m.[39mnot[33m.[39mtoBe([32
m"should-be-ignored"[39m)[33m;[39m
     [90m 130 |[39m   })[33m;[39m
     [90m 131 |[39m[0m

      at Object.<anonymous> 
(src/__tests__/admin.routes.expanded.test.js:128:29)

  鈼?Admin Routes - Course Items 鈥?GET 
/admin/courses/:courseId/items - Should reject invalid 
type filter

    expect(received).toBe(expected) // Object.is 
equality

    Expected: 400
    Received: 404

    [0m [90m 228 |[39m       [33m.[39m[36mset[39
m([32m"Authorization"[39m[33m,[39m [32m`Bearer 
${adminToken}`[39m)[33m;[39m
     [90m 229 |[39m
    [31m[1m>[22m[39m[90m 230 |[39m     expect(res
ponse[33m.[39mstatus)[33m.[39mtoBe([35m400[39m)[
33m;[39m
     [90m     |[39m                             
[31m[1m^[22m[39m
     [90m 231 |[39m     expect(response[33m.[39mbod
y[33m.[39mmessage)[33m.[39mtoContain([32m"Invalid 
type"[39m)[33m;[39m
     [90m 232 |[39m   })[33m;[39m
     [90m 233 |[39m[0m

      at Object.<anonymous> 
(src/__tests__/admin.routes.expanded.test.js:230:29)

  鈼?Admin Routes - Course Items 鈥?POST 
/admin/courses/:courseId/items - Should require type 
and title

    expect(received).toBe(expected) // Object.is 
equality

    Expected: 400
    Received: 404

    [0m [90m 267 |[39m       [33m.[39msend({ 
order[33m:[39m [35m1[39m })[33m;[39m
     [90m 268 |[39m
    [31m[1m>[22m[39m[90m 269 |[39m     expect(res
ponse[33m.[39mstatus)[33m.[39mtoBe([35m400[39m)[
33m;[39m
     [90m     |[39m                             
[31m[1m^[22m[39m
     [90m 270 |[39m     expect(response[33m.[39mbod
y[33m.[39mmessage)[33m.[39mtoContain([32m"type"[3
9m)[33m;[39m
     [90m 271 |[39m   })[33m;[39m
     [90m 272 |[39m[0m

      at Object.<anonymous> 
(src/__tests__/admin.routes.expanded.test.js:269:29)

  鈼?Admin Routes - Course Items 鈥?POST 
/admin/courses/:courseId/items - Should reject 
non-existent course

    expect(received).toContain(expected) // indexOf

    Matcher error: received value must not be null nor 
undefined

    Received has value: undefined

    [0m [90m 284 |[39m
     [90m 285 |[39m     expect(response[33m.[39msta
tus)[33m.[39mtoBe([35m404[39m)[33m;[39m
    [31m[1m>[22m[39m[90m 286 |[39m     expect(res
ponse[33m.[39mbody[33m.[39mmessage)[33m.[39mtoCon
tain([32m"Course not found"[39m)[33m;[39m
     [90m     |[39m                                  
 [31m[1m^[22m[39m
     [90m 287 |[39m   })[33m;[39m
     [90m 288 |[39m
     [90m 289 |[39m   it([32m"POST 
/admin/courses/:courseId/items - Should create quiz 
item"[39m[33m,[39m [36masync[39m () [33m=>[39m 
{[0m

      at Object.<anonymous> 
(src/__tests__/admin.routes.expanded.test.js:286:35)

  鈼?Admin Routes - Cloudinary Upload Signing 鈥?POST 
/admin/uploads/sign - Should sign upload for image

    expect(received).toBe(expected) // Object.is 
equality

    Expected: 200
    Received: 404

    [0m [90m 362 |[39m
     [90m 363 |[39m     [36mif[39m 
(env[33m.[39mcloudinaryCloudName [33m&&[39m 
env[33m.[39mcloudinaryApiKey [33m&&[39m 
env[33m.[39mcloudinaryApiSecret) {
    [31m[1m>[22m[39m[90m 364 |[39m       expect(r
esponse[33m.[39mstatus)[33m.[39mtoBe([35m200[39m)
[33m;[39m
     [90m     |[39m                               
[31m[1m^[22m[39m
     [90m 365 |[39m       expect(response[33m.[39mb
ody)[33m.[39mtoHaveProperty([32m"timestamp"[39m)[3
3m;[39m
     [90m 366 |[39m       expect(response[33m.[39mb
ody)[33m.[39mtoHaveProperty([32m"signature"[39m)[3
3m;[39m
     [90m 367 |[39m     } [36melse[39m {[0m

      at Object.<anonymous> 
(src/__tests__/admin.routes.expanded.test.js:364:31)

  鈼?Admin Routes - Cloudinary Upload Signing 鈥?POST 
/admin/uploads/sign - Should sign upload for video

    expect(received).toBe(expected) // Object.is 
equality

    Expected: 200
    Received: 404

    [0m [90m 381 |[39m
     [90m 382 |[39m     [36mif[39m 
(env[33m.[39mcloudinaryCloudName [33m&&[39m 
env[33m.[39mcloudinaryApiKey [33m&&[39m 
env[33m.[39mcloudinaryApiSecret) {
    [31m[1m>[22m[39m[90m 383 |[39m       expect(r
esponse[33m.[39mstatus)[33m.[39mtoBe([35m200[39m)
[33m;[39m
     [90m     |[39m                               
[31m[1m^[22m[39m
     [90m 384 |[39m     } [36melse[39m {
     [90m 385 |[39m       expect(response[33m.[39ms
tatus)[33m.[39mtoBe([35m500[39m)[33m;[39m
     [90m 386 |[39m     }[0m

      at Object.<anonymous> 
(src/__tests__/admin.routes.expanded.test.js:383:31)

  鈼?Admin Routes - Cloudinary Upload Signing 鈥?POST 
/admin/uploads/sign - Should require resourceType

    expect(received).toBe(expected) // Object.is 
equality

    Expected: 400
    Received: 404

    [0m [90m 396 |[39m       })[33m;[39m
     [90m 397 |[39m
    [31m[1m>[22m[39m[90m 398 |[39m     expect(res
ponse[33m.[39mstatus)[33m.[39mtoBe([35m400[39m)[
33m;[39m
     [90m     |[39m                             
[31m[1m^[22m[39m
     [90m 399 |[39m     expect(response[33m.[39mbod
y[33m.[39mmessage)[33m.[39mtoContain([32m"resource
Type"[39m)[33m;[39m
     [90m 400 |[39m   })[33m;[39m
     [90m 401 |[39m[0m

      at Object.<anonymous> 
(src/__tests__/admin.routes.expanded.test.js:398:29)

  鈼?Admin Routes - Cloudinary Upload Signing 鈥?POST 
/admin/uploads/sign - Should reject invalid 
resourceType

    expect(received).toBe(expected) // Object.is 
equality

    Expected: 400
    Received: 404

    [0m [90m 409 |[39m       })[33m;[39m
     [90m 410 |[39m
    [31m[1m>[22m[39m[90m 411 |[39m     expect(res
ponse[33m.[39mstatus)[33m.[39mtoBe([35m400[39m)[
33m;[39m
     [90m     |[39m                             
[31m[1m^[22m[39m
     [90m 412 |[39m     expect(response[33m.[39mbod
y[33m.[39mmessage)[33m.[39mtoContain([32m"Invalid 
resourceType"[39m)[33m;[39m
     [90m 413 |[39m   })[33m;[39m
     [90m 414 |[39m[0m

      at Object.<anonymous> 
(src/__tests__/admin.routes.expanded.test.js:411:29)

  鈼?Admin Routes - Cloudinary Upload Signing 鈥?POST 
/admin/uploads/sign - Should accept video, image, and 
raw types

    expect(received).toContain(expected) // indexOf

    Expected value: 404
    Received array: [200, 400]

    [0m [90m 423 |[39m
     [90m 424 |[39m       [36mif[39m 
(env[33m.[39mcloudinaryCloudName [33m&&[39m 
env[33m.[39mcloudinaryApiKey [33m&&[39m 
env[33m.[39mcloudinaryApiSecret) {
    [31m[1m>[22m[39m[90m 425 |[39m         
expect([[35m200[39m[33m,[39m [35m400[39m])[33m.
[39mtoContain(response[33m.[39mstatus)[33m;[39m
     [90m     |[39m                            
[31m[1m^[22m[39m
     [90m 426 |[39m       } [36melse[39m {
     [90m 427 |[39m         expect(response[33m.[39
mstatus)[33m.[39mtoBe([35m500[39m)[33m;[39m
     [90m 428 |[39m       }[0m

      at Object.<anonymous> 
(src/__tests__/admin.routes.expanded.test.js:425:28)

  鈼?Admin Routes - Cloudinary Upload Signing 鈥?POST 
/admin/uploads/sign - Should use custom folder when 
provided

    expect(received).toBe(expected) // Object.is 
equality

    Expected: 200
    Received: 404

    [0m [90m 440 |[39m
     [90m 441 |[39m     [36mif[39m 
(env[33m.[39mcloudinaryCloudName [33m&&[39m 
env[33m.[39mcloudinaryApiKey [33m&&[39m 
env[33m.[39mcloudinaryApiSecret) {
    [31m[1m>[22m[39m[90m 442 |[39m       expect(r
esponse[33m.[39mstatus)[33m.[39mtoBe([35m200[39m)
[33m;[39m
     [90m     |[39m                               
[31m[1m^[22m[39m
     [90m 443 |[39m     }
     [90m 444 |[39m   })[33m;[39m
     [90m 445 |[39m[0m

      at Object.<anonymous> 
(src/__tests__/admin.routes.expanded.test.js:442:31)

  鈼?Admin Routes - Cloudinary Upload Signing 鈥?POST 
/admin/uploads/sign - Should generate folder from 
courseId and kind

    expect(received).toBe(expected) // Object.is 
equality

    Expected: 200
    Received: 404

    [0m [90m 455 |[39m
     [90m 456 |[39m     [36mif[39m 
(env[33m.[39mcloudinaryCloudName [33m&&[39m 
env[33m.[39mcloudinaryApiKey [33m&&[39m 
env[33m.[39mcloudinaryApiSecret) {
    [31m[1m>[22m[39m[90m 457 |[39m       expect(r
esponse[33m.[39mstatus)[33m.[39mtoBe([35m200[39m)
[33m;[39m
     [90m     |[39m                               
[31m[1m^[22m[39m
     [90m 458 |[39m     }
     [90m 459 |[39m   })[33m;[39m
     [90m 460 |[39m })[33m;[39m[0m

      at Object.<anonymous> 
(src/__tests__/admin.routes.expanded.test.js:457:31)

  鈼?Admin Routes - Authorization 鈥?GET /admin/courses 
- Should reject unauthenticated requests

    expect(received).toBe(expected) // Object.is 
equality

    Expected: 401
    Received: 404

    [0m [90m 464 |[39m     [36mconst[39m response 
[33m=[39m [36mawait[39m request(app)[33m.[39m[36
mget[39m([32m"/admin/courses"[39m)[33m;[39m
     [90m 465 |[39m
    [31m[1m>[22m[39m[90m 466 |[39m     expect(res
ponse[33m.[39mstatus)[33m.[39mtoBe([35m401[39m)[
33m;[39m
     [90m     |[39m                             
[31m[1m^[22m[39m
     [90m 467 |[39m   })[33m;[39m
     [90m 468 |[39m
     [90m 469 |[39m   it([32m"GET /admin/courses - 
Should reject non-admin users"[39m[33m,[39m 
[36masync[39m () [33m=>[39m {[0m

      at Object.<anonymous> 
(src/__tests__/admin.routes.expanded.test.js:466:29)

  鈼?Admin Routes - Authorization 鈥?GET /admin/courses 
- Should reject non-admin users

    expect(received).toBe(expected) // Object.is 
equality

    Expected: 403
    Received: 404

    [0m [90m 475 |[39m       [33m.[39m[36mset[39
m([32m"Authorization"[39m[33m,[39m [32m`Bearer 
${userToken}`[39m)[33m;[39m
     [90m 476 |[39m
    [31m[1m>[22m[39m[90m 477 |[39m     expect(res
ponse[33m.[39mstatus)[33m.[39mtoBe([35m403[39m)[
33m;[39m
     [90m     |[39m                             
[31m[1m^[22m[39m
     [90m 478 |[39m   })[33m;[39m
     [90m 479 |[39m
     [90m 480 |[39m   it([32m"POST /admin/courses - 
Should reject non-admin users"[39m[33m,[39m 
[36masync[39m () [33m=>[39m {[0m

      at Object.<anonymous> 
(src/__tests__/admin.routes.expanded.test.js:477:29)

  鈼?Admin Routes - Authorization 鈥?POST /admin/courses 
- Should reject non-admin users

    expect(received).toBe(expected) // Object.is 
equality

    Expected: 403
    Received: 404

    [0m [90m 487 |[39m       [33m.[39msend({ 
title[33m:[39m [32m"New Course"[39m })[33m;[39m
     [90m 488 |[39m
    [31m[1m>[22m[39m[90m 489 |[39m     expect(res
ponse[33m.[39mstatus)[33m.[39mtoBe([35m403[39m)[
33m;[39m
     [90m     |[39m                             
[31m[1m^[22m[39m
     [90m 490 |[39m   })[33m;[39m
     [90m 491 |[39m })[33m;[39m
     [90m 492 |[39m[0m

      at Object.<anonymous> 
(src/__tests__/admin.routes.expanded.test.js:489:29)

PASS src/__tests__/auth.routes.test.js
  鈼?Console

    console.log
      [dotenv@17.2.3] injecting env (16) from .env -- 
tip: 馃攽 add access controls to secrets: 
https://dotenvx.com/ops

      at _log (node_modules/dotenv/lib/main.js:142:11)


Test Suites: 2 failed, 12 passed, 14 total
Tests:       47 failed, 278 passed, 325 total
Snapshots:   0 total
Time:        3.379 s, estimated 4 s
Ran all test suites.
